[    1028ms] [WARNING] <meta name="apple-mobile-web-app-capable" content="yes"> is deprecated. Please include <meta name="mobile-web-app-capable" content="yes"> @ https://tarjama2.vercel.app/:0
[    1200ms] [INFO] Banner not shown: beforeinstallpromptevent.preventDefault() called. The page must call beforeinstallpromptevent.prompt() to show the banner. @ https://tarjama2.vercel.app/:0
[   98385ms] [ERROR] Failed to load resource: the server responded with a status of 429 () @ https://tarjama2.vercel.app/api/gen-vocab:0
[  118047ms] [WARNING] <meta name="apple-mobile-web-app-capable" content="yes"> is deprecated. Please include <meta name="mobile-web-app-capable" content="yes"> @ https://tarjama2.vercel.app/:0
[  118213ms] [INFO] Banner not shown: beforeinstallpromptevent.preventDefault() called. The page must call beforeinstallpromptevent.prompt() to show the banner. @ https://tarjama2.vercel.app/:0
[  970876ms] [WARNING] <meta name="apple-mobile-web-app-capable" content="yes"> is deprecated. Please include <meta name="mobile-web-app-capable" content="yes"> @ https://tarjama2.vercel.app/:0
[  971075ms] [INFO] Banner not shown: beforeinstallpromptevent.preventDefault() called. The page must call beforeinstallpromptevent.prompt() to show the banner. @ https://tarjama2.vercel.app/:0
[ 1898767ms] [WARNING] <meta name="apple-mobile-web-app-capable" content="yes"> is deprecated. Please include <meta name="mobile-web-app-capable" content="yes"> @ https://tarjama2.vercel.app/:0
[ 1898944ms] [INFO] Banner not shown: beforeinstallpromptevent.preventDefault() called. The page must call beforeinstallpromptevent.prompt() to show the banner. @ https://tarjama2.vercel.app/:0
[ 1898962ms] [ERROR] Failed to load resource: the server responded with a status of 404 () @ https://tarjama2.vercel.app/api/ai-status:0
[ 1914085ms] [ERROR] Failed to load resource: the server responded with a status of 404 () @ https://tarjama2.vercel.app/api/ai-status:0
[ 1987009ms] [WARNING] <meta name="apple-mobile-web-app-capable" content="yes"> is deprecated. Please include <meta name="mobile-web-app-capable" content="yes"> @ https://tarjama2.vercel.app/:0
[ 1987180ms] [INFO] Banner not shown: beforeinstallpromptevent.preventDefault() called. The page must call beforeinstallpromptevent.prompt() to show the banner. @ https://tarjama2.vercel.app/:0
[ 2053045ms] [WARNING] <meta name="apple-mobile-web-app-capable" content="yes"> is deprecated. Please include <meta name="mobile-web-app-capable" content="yes"> @ https://tarjama2.vercel.app/:0
[ 2053258ms] [INFO] Banner not shown: beforeinstallpromptevent.preventDefault() called. The page must call beforeinstallpromptevent.prompt() to show the banner. @ https://tarjama2.vercel.app/:0
[ 3914708ms] [ERROR] Failed to load resource: net::ERR_NAME_NOT_RESOLVED @ https://tarjama2.vercel.app/api/ai-status:0
[57553116ms] [ERROR] Failed to load resource: the server responded with a status of 403 () @ https://tarjama2.vercel.app/:0
[57553254ms] [ERROR] Failed to load resource: the server responded with a status of 403 () @ https://tarjama2.vercel.app/favicon.ico:0
[57553570ms] [LOG] Error @ https://tarjama2.vercel.app/.well-known/vercel/security/static/challenge.v2.min.js:0
[57557249ms] [ERROR] Failed to load resource: the server responded with a status of 403 () @ https://tarjama2.vercel.app/manifest.json:0
[57557270ms] [ERROR] Manifest fetch from https://tarjama2.vercel.app/manifest.json failed, code 403 @ https://tarjama2.vercel.app/:0
[57557412ms] [ERROR] Failed to load resource: the server responded with a status of 403 () @ https://tarjama2.vercel.app/manifest.json:0
[57557419ms] [ERROR] Manifest fetch from https://tarjama2.vercel.app/manifest.json failed, code 403 @ https://tarjama2.vercel.app/:0
[57557420ms] [WARNING] <meta name="apple-mobile-web-app-capable" content="yes"> is deprecated. Please include <meta name="mobile-web-app-capable" content="yes"> @ https://tarjama2.vercel.app/:0
[57565915ms] [ERROR] Failed to load resource: the server responded with a status of 403 () @ https://tarjama2.vercel.app/manifest.json:0
[57565920ms] [ERROR] Manifest fetch from https://tarjama2.vercel.app/manifest.json failed, code 403 @ https://tarjama2.vercel.app/:0
[57565921ms] [WARNING] <meta name="apple-mobile-web-app-capable" content="yes"> is deprecated. Please include <meta name="mobile-web-app-capable" content="yes"> @ https://tarjama2.vercel.app/:0
[57586074ms] [ERROR] Failed to load resource: the server responded with a status of 403 () @ https://tarjama2.vercel.app/manifest.json:0
[57586080ms] [ERROR] Manifest fetch from https://tarjama2.vercel.app/manifest.json failed, code 403 @ https://tarjama2.vercel.app/:0
[57586080ms] [WARNING] <meta name="apple-mobile-web-app-capable" content="yes"> is deprecated. Please include <meta name="mobile-web-app-capable" content="yes"> @ https://tarjama2.vercel.app/:0
[57596138ms] [VERBOSE] [DOM] Password field is not contained in a form: (More info: https://goo.gl/9p2vKq) %o @ https://accounts.google.com/v3/signin/identifier?opparams=%253Fredirect_to%253Dhttps%25253A%25252F%25252Ftarjama2.vercel.app&dsh=S-1642841064%3A1788693895326256&client_id=380237515186-7nh2kfdcr393pnvtv6vr62vbc709ql8e.apps.googleusercontent.com&o2v=2&redirect_uri=https%3A%2F%2Fcoechxxziowvygxxmekf.supabase.co%2Fauth%2Fv1%2Fcallback&response_type=code&scope=email+profile&service=lso&state=a554a839-225f-457f-b868-65a3133484d7&flowName=GeneralOAuthFlow&continue=https%3A%2F%2Faccounts.google.com%2Fsignin%2Foauth%2Fv3%2Fconsent%3Fauthuser%3Dunknown%26part%3DAJi8hAP4EUNPBkgwSrkptQQcVls7_Ie395qEPNZPS0nBXStELKvQeuMI8-9QOlojlG2mYz2ZW-T7fWj2KelFvUspF5gAjBS0fvdSZTQUciYvDkPcm4Z9wu6Bqv6Ua2FJdG_i6rBKgIIDdKOvAzFq__QbyuvzzzqWZNDih3GZyyuUshPNer1PQ83ON4M3Z9xJJdNMV1PvxDcx8hMY7gx-8mGlClPVpaxXogDEEJ1NreIr6QayppSPsj-gX4FpDh_FhnihAsF8I5aGsIG-BDb8fs7SnRv7brZg4qvk8r1ELYepGC-XdKbR8066GCo7yWZNOhwiOq55Y8L_7TZ6DNKq9mktNxwfJwTS8-FYoRvFYDR9lYgq9BdTlQohd6c9xxNcRSOggwl79zH7wJG5z7weqTEpDU88jGlKXG-RR4vGRDRA8FntiGeFIP1pAAiY48B-oUlZLxfj-8cWhJzZjjxxdcr0szd1uzxvCMjiqi-cJia7H5ean1enGr8%26flowName%3DGeneralOAuthFlow%26as%3DS-1642841064%253A1788693895326256%26client_id%3D380237515186-7nh2kfdcr393pnvtv6vr62vbc709ql8e.apps.googleusercontent.com%26requestPath%3D%252Fsignin%252Foauth%252Fv3%252Fconsent%23&app_domain=https%3A%2F%2Fcoechxxziowvygxxmekf.supabase.co&rart=ANgoxcfdRNH6CPoURhkV6U0f4xdOnsDcOUceFBUSs2ZSWl4zF3UvB4s_BYXNOyDBt7K5Fo35VDgRio5OkPd1lrujBJ8MPlqlgErM6X6M7xMjvrxRMuM_LKc:0
[57596143ms] [LOG] %c%s color: red; background: yellow; font-size: 24px; AVERTISSEMENT ! @ https://www.gstatic.com/_/mss/boq-identity/_/js/k=boq-identity.AccountsSignInUi.fr.kO7B_IdMwys.es5.O/am=IQIAAAAOeCMBQP7_vwEABBBsB3xfC6AJEDIAAAAAAAAAAIAFAABoCCA/d=1/excm=_b,_tp,identifierview/ed=1/dg=0/wt=2/ujg=1/rs=AOaEmlGKkC96VWSAVPc1Lje8i_-GhE0GLA/dti=1/m=_b,_tp:560
[57596143ms] [LOG] %c%s font-size: 18px; En utilisant cette console, vous vous exposez au risque que des personnes malveillantes usurpent votre identité et volent vos informations grâce à une attaque appelée Self-XSS.
Ne saisissez pas et ne copiez pas du code que vous ne comprenez pas. @ https://www.gstatic.com/_/mss/boq-identity/_/js/k=boq-identity.AccountsSignInUi.fr.kO7B_IdMwys.es5.O/am=IQIAAAAOeCMBQP7_vwEABBBsB3xfC6AJEDIAAAAAAAAAAIAFAABoCCA/d=1/excm=_b,_tp,identifierview/ed=1/dg=0/wt=2/ujg=1/rs=AOaEmlGKkC96VWSAVPc1Lje8i_-GhE0GLA/dti=1/m=_b,_tp:560
[57936716ms] [WARNING] <meta name="apple-mobile-web-app-capable" content="yes"> is deprecated. Please include <meta name="mobile-web-app-capable" content="yes"> @ https://tarjama-blond.vercel.app/:0
[57936817ms] [INFO] Banner not shown: beforeinstallpromptevent.preventDefault() called. The page must call beforeinstallpromptevent.prompt() to show the banner. @ https://tarjama-blond.vercel.app/:0
[57943497ms] [VERBOSE] [DOM] Password field is not contained in a form: (More info: https://goo.gl/9p2vKq) %o @ https://accounts.google.com/v3/signin/identifier?opparams=%253Fredirect_to%253Dhttps%25253A%25252F%25252Ftarjama-blond.vercel.app&dsh=S-1642841064%3A1788694242874308&client_id=380237515186-7nh2kfdcr393pnvtv6vr62vbc709ql8e.apps.googleusercontent.com&o2v=2&redirect_uri=https%3A%2F%2Fcoechxxziowvygxxmekf.supabase.co%2Fauth%2Fv1%2Fcallback&response_type=code&scope=email+profile&service=lso&state=9970ae37-c157-4121-8b73-c8079b1c257b&flowName=GeneralOAuthFlow&continue=https%3A%2F%2Faccounts.google.com%2Fsignin%2Foauth%2Fv3%2Fconsent%3Fauthuser%3Dunknown%26part%3DAJi8hAP9xK1XEhwwSt1RuXu2xJwLC8ToGPHtOcYkpJAbNUxShBJr8mz29wOkjaFN0ylnklXRbz6POoLT-j-udY3DhgXqsI8uSziMO8WYyYTyC5LifkyT-4g0rRw3dSHnFcQrKi8yfTCuWXqxCOyou25f2SH2ecnXbxBx7Y2QTj3odQmUJ_ellqO-a1FDezoyOK0Ig8abL07F5cNQhlyVGdCZtbKouKFLzORqx-C8v4PrNvPZy8VRE-olgAJ5VUZkB-QsvibBoNmoZrBQ2hKP4xq8KqbsbEAGwNEiFJUf0ml1VrtWqbF1brg8xyqd3RBS8df9v3yUopihxPl5YDufBlPzB8zU95uyP7I8ila_AlOih2cOiR_JpRv_fJgK6K6g-VJFn75GcWYA5aOmSTx6cpHPLWH2zLo1MEs1MXRuaUFuGnWVmgHAzkDwNq5pHpxUWs1DAPxUSNDIoq-6vQKgoswkygvpkxtMMRu-xObzKaGjAuPahkgbck4%26flowName%3DGeneralOAuthFlow%26as%3DS-1642841064%253A1788694242874308%26client_id%3D380237515186-7nh2kfdcr393pnvtv6vr62vbc709ql8e.apps.googleusercontent.com%26requestPath%3D%252Fsignin%252Foauth%252Fv3%252Fconsent%23&app_domain=https%3A%2F%2Fcoechxxziowvygxxmekf.supabase.co&rart=ANgoxcdCeg6V2h37C0FrimF4K3DqSdzpQnnmW9i3ZuiTHI0I9sJUWwXj81_mZqcJJMypa6WjrpDrKlRJQ3XVPNHI2T88-tgj4AiF0SDp2P0--wB7u_LjS-U:0
[57943503ms] [LOG] %c%s color: red; background: yellow; font-size: 24px; AVERTISSEMENT ! @ https://www.gstatic.com/_/mss/boq-identity/_/js/k=boq-identity.AccountsSignInUi.fr.kO7B_IdMwys.es5.O/am=IQIAAAAOeCMBQP7_vwEABBBsB3xfC6AJEDIAAAAAAAAAAIAFAABoCCA/d=1/excm=_b,_tp,identifierview/ed=1/dg=0/wt=2/ujg=1/rs=AOaEmlGKkC96VWSAVPc1Lje8i_-GhE0GLA/dti=1/m=_b,_tp:560
[57943503ms] [LOG] %c%s font-size: 18px; En utilisant cette console, vous vous exposez au risque que des personnes malveillantes usurpent votre identité et volent vos informations grâce à une attaque appelée Self-XSS.
Ne saisissez pas et ne copiez pas du code que vous ne comprenez pas. @ https://www.gstatic.com/_/mss/boq-identity/_/js/k=boq-identity.AccountsSignInUi.fr.kO7B_IdMwys.es5.O/am=IQIAAAAOeCMBQP7_vwEABBBsB3xfC6AJEDIAAAAAAAAAAIAFAABoCCA/d=1/excm=_b,_tp,identifierview/ed=1/dg=0/wt=2/ujg=1/rs=AOaEmlGKkC96VWSAVPc1Lje8i_-GhE0GLA/dti=1/m=_b,_tp:560
[74507842ms] [VERBOSE] [DOM] Password field is not contained in a form: (More info: https://goo.gl/9p2vKq) %o @ https://accounts.google.com/v3/signin/identifier?opparams=%253Fredirect_to%253Dhttps%25253A%25252F%25252Ftarjama-blond.vercel.app&dsh=S1444329582%3A1788710807226528&app_domain=https%3A%2F%2Fcoechxxziowvygxxmekf.supabase.co&client_id=380237515186-7nh2kfdcr393pnvtv6vr62vbc709ql8e.apps.googleusercontent.com&continue=https%3A%2F%2Faccounts.google.com%2Fsignin%2Foauth%2Fv3%2Fconsent%3Fauthuser%3Dunknown%26part%3DAJi8hAPj2m2Ma6P2uW4r2fuAmfjjukPY4b2lvif4t4h98X_z6kq_6v19jzUd5MKztk9ZOVGJq61hn7CUg5Kl8l-3xIlzeJdohRmXECpnDV7GBKK8UGP72fkFiiVr_duq5vaB7sa22BKKos12ke-Ele-Zmgit9c-l_srGKx0MS8VH_-yThi8IDDDC2dd-zKjPv4fRzLDUi3GTnKt8BpxXQXNNp0dYzpEb7ryX1V6nfuAPOgT-CfgxAkqhRSo0damQ8wMwnryPh_VDx8XGf7CIg6d-h0F_YfBysJ5g-TySzWY4TCwk4p8yVyWhw9LI-FQeKu8oUHZBnGXrwyHfNjZlq7MgQCE_pucT5WG3PS8Pw0WSEWvn_XFgl0e2kx9NQeW5F4ZOrINq7YlJo6b0uu709ccTDaJ4dcwIuByOp7w75f1jkKrqAXnFWjMgBERHApK7OGdpn7i-TFKpWNWi6SGghnDmWEUOgaTUofKrwyt801YMgQl8P1o7v5Q%26flowName%3DGeneralOAuthFlow%26as%3DS1444329582%253A1788710807226528%26client_id%3D380237515186-7nh2kfdcr393pnvtv6vr62vbc709ql8e.apps.googleusercontent.com%26requestPath%3D%252Fsignin%252Foauth%252Fv3%252Fconsent%23&flowName=GeneralOAuthFlow&o2v=2&rart=ANgoxcdUbbayI1FBKMWvNyECSEQEYPNVFKwg53CkjAhKl6pn44O4xj_kNFf81PeqjmJ6nXalQF-YQ-EidDfsaYPZGL0l9r-mRCzoK118R_I2LZeRTSZYOzI&redirect_uri=https%3A%2F%2Fcoechxxziowvygxxmekf.supabase.co%2Fauth%2Fv1%2Fcallback&response_type=code&scope=email+profile&service=lso&state=9970ae37-c157-4121-8b73-c8079b1c257b:0
[74507856ms] [LOG] %c%s color: red; background: yellow; font-size: 24px; AVERTISSEMENT ! @ https://www.gstatic.com/_/mss/boq-identity/_/js/k=boq-identity.AccountsSignInUi.fr.kO7B_IdMwys.es5.O/am=IQIAAAAOeCMBQP7_vwEABBBsB3xfC6AJEDIAAAAAAAAAAIAFAABoCCA/d=1/excm=_b,_tp,identifierview/ed=1/dg=0/wt=2/ujg=1/rs=AOaEmlGKkC96VWSAVPc1Lje8i_-GhE0GLA/dti=1/m=_b,_tp:560
[74507858ms] [LOG] %c%s font-size: 18px; En utilisant cette console, vous vous exposez au risque que des personnes malveillantes usurpent votre identité et volent vos informations grâce à une attaque appelée Self-XSS.
Ne saisissez pas et ne copiez pas du code que vous ne comprenez pas. @ https://www.gstatic.com/_/mss/boq-identity/_/js/k=boq-identity.AccountsSignInUi.fr.kO7B_IdMwys.es5.O/am=IQIAAAAOeCMBQP7_vwEABBBsB3xfC6AJEDIAAAAAAAAAAIAFAABoCCA/d=1/excm=_b,_tp,identifierview/ed=1/dg=0/wt=2/ujg=1/rs=AOaEmlGKkC96VWSAVPc1Lje8i_-GhE0GLA/dti=1/m=_b,_tp:560
